---
source: src/tui/search_window.rs
expression: terminal.backend()
---
"╭Search─────────────────╮"
"│repo:Search query      │"
"│                       │"
"│  Result A             │"
"│  Result B             │"
"│> Result C             │"
"│  Result D             │"
"│                       │"
"│                       │"
"╰───────────────────────╯"
