---
source: src/main.rs
expression: terminal.backend()
---
"┏━━━━━━━━━━━━━━━━━━━━━━━━━━━━━━━━━example.txt━━━━━━━━━━━━━━━━━━━━━━━━━━━━━━━━━━┓"
"┃this is a test file                                                           ┃"
"┃spanning multiple                                                             ┃"
"┃lines                                                                         ┃"
"┃                                                                              ┃"
"┃                                                                              ┃"
"┃                                                                              ┃"
"┃                                                                              ┃"
"┃                                                                              ┃"
"┃                                                                              ┃"
"┃                                                                              ┃"
"┃                                                                              ┃"
"┃                                                                              ┃"
"┃                                                                              ┃"
"┃                                                                              ┃"
"┃                                                                              ┃"
"┃                                                                              ┃"
"┃                                                                              ┃"
"┃                                                                              ┃"
"┗━━━━━━━━━━━━━━━━━━━━ Scroll Up/Down <Up>/<Down>  Exit <Q> ━━━━━━━━━━━━━━━━━━━━┛"
