---
source: src/main.rs
expression: terminal.backend()
---
"┏━━━━━━━━━━━━━━━━━━━━━━━━━━━━━━━━━━━mock.txt━━━━━━━━━━━━━━━━━━━━━━━━━━━━━━━━━━━┓"
"┃This is a file.                                                               ┃"
"┃                                                                              ┃"
"┃                                                                              ┃"
"┃                                                                              ┃"
"┃                                                                              ┃"
"┃                                                                              ┃"
"┃                                                                              ┃"
"┃                        ╭Error───────────────────────╮                        ┃"
"┃                        │This is an error            │                        ┃"
"┃                        │                            │                        ┃"
"┃                        │Press any key to dismiss    │                        ┃"
"┃                        ╰────────────────────────────╯                        ┃"
"┃                                                                              ┃"
"┃                                                                              ┃"
"┃                                                                              ┃"
"┃                                                                              ┃"
"┃                                                                              ┃"
"┃                                                                              ┃"
"┗━━━━━━━━━━━━━━━━━━━━ Scroll Up/Down <Up>/<Down>  Exit <Q> ━━━━━━━━━━━━━━━━━━━━┛"
