---
source: src/markdown_view.rs
expression: terminal.backend()
---
"This is a heading                                                               "
"                                                                                "
"This is a paragraph of text.                                                    "
"- This is a list                                                                "
"- with                                                                          "
"- multiple                                                                      "
"- items                                                                         "
"                                                                                "
"Another heading                                                                 "
"                                                                                "
"This is another paragraph of text. It is long enough to be wrapped, yet every   "
"word in this paragraph should be visible. Additionally, this paragraph...       "
"                                                                                "
"...and this paragraph should have spacing between.                              "
"- This is a list                                                                "
"  - with multiple                                                               "
"    - levels.                                                                   "
"    - This should be on level 2.                                                "
"  - This should be on level 1.                                                  "
"- This should be on level 0.                                                    "
"- This should be the last item.                                                 "
